============================================================
  Generated by:           Genus(TM) Synthesis Solution 21.14-s082_1
  Generated on:           Oct 08 2026  02:23:48 pm
  Module:                 sfa_top
  Operating conditions:   slow (balanced_tree)
  Wireload mode:          enclosed
  Area mode:              timing library
============================================================

              Instance                                   Module                     Cell Count  Cell Area  Net Area   Total Area   Wireload  
---------------------------------------------------------------------------------------------------------------------------------------------
sfa_top                                                                                   7841  42786.800     0.000    42786.800 <none> (D)  
  gen_bank_ctrl[0].u_otp             sfa_otp_fsm_NUM_REGIONS2_REGION_W1                     56    514.692     0.000      514.692 <none> (D)  
  gen_bank_ctrl[0].u_scrub           sfa_bank_scrub_REGION_W1                               32    366.340     0.000      366.340 <none> (D)  
  gen_bank_ctrl[1].u_otp             sfa_otp_fsm_NUM_REGIONS2_REGION_W1_78                  56    514.692     0.000      514.692 <none> (D)  
  gen_bank_ctrl[1].u_scrub           sfa_bank_scrub_REGION_W1_77                            32    366.340     0.000      366.340 <none> (D)  
  u_array                            sfa_array_DATA_W8_ACC_W32_NUM_ROWS4_NUM_COLS4        7586  40338.986     0.000    40338.986 <none> (D)  
    gen_pe_row[0].gen_pe_col[0].u_pe sfa_pe_DATA_W8_ACC_W32                                436   2341.092     0.000     2341.092 <none> (D)  
    gen_pe_row[1].gen_pe_col[0].u_pe sfa_pe_DATA_W8_ACC_W32_90                             435   2326.711     0.000     2326.711 <none> (D)  
    gen_pe_row[2].gen_pe_col[0].u_pe sfa_pe_DATA_W8_ACC_W32_86                             432   2323.683     0.000     2323.683 <none> (D)  
    gen_pe_row[3].gen_pe_col[0].u_pe sfa_pe_DATA_W8_ACC_W32_82                             428   2300.219     0.000     2300.219 <none> (D)  
  u_eppa                             sfa_eppa_NUM_REGIONS2_BW_W8                            34    354.986     0.000      354.986 <none> (D)  
  u_fission_dec                      sfa_fission_decoder_NUM_COLS4                          33    282.324     0.000      282.324 <none> (D)  
  (D) = wireload is default in technology library
