============================================================
  Generated by:           Genus(TM) Synthesis Solution 21.14-s082_1
  Generated on:           Oct 08 2026  02:23:48 pm
  Module:                 sfa_top
  Operating conditions:   slow (balanced_tree)
  Wireload mode:          enclosed
  Area mode:              timing library
============================================================

Timing
--------

Clock Period 
-------------
clk   1000.0 


  Cost    Critical                Violating 
 Group   Path Slack      TNS        Paths   
--------------------------------------------
clk         -2424.2   -1187440.7        697 
default    No paths          0.0            
--------------------------------------------
Total                 -1187440.7        697 

Instance Count
--------------
Leaf Instance Count             7841 
Physical Instance count            0 
Sequential Instance Count        204 
Combinational Instance Count    7637 
Hierarchical Instance Count       11 

Area
----
Cell Area                          42786.800
Physical Cell Area                 0.000
Total Cell Area (Cell+Physical)    42786.800
Net Area                           0.000
Total Area (Cell+Physical+Net)     42786.800

Max Fanout                         204 (clk)
Min Fanout                         0 (acc_clr[1])
Average Fanout                     2.1
Terms to net ratio                 3.0377
Terms to instance ratio            3.1442
Runtime                            111.44853999999883 seconds
Elapsed Runtime                    111 seconds
Genus peak memory usage            1595.50 
Innovus peak memory usage          no_value 
Hostname                           localhost
