============================================================
  Generated by:           Genus(TM) Synthesis Solution 21.14-s082_1
  Generated on:           Oct 08 2026  02:23:48 pm
  Module:                 sfa_top
  Operating conditions:   slow (balanced_tree)
  Wireload mode:          enclosed
  Area mode:              timing library
============================================================


Path 1: VIOLATED (-2424 ps) Late External Delay Assertion at pin acc_out_flat[364]
          Group: clk
     Startpoint: (R) u_fission_dec/region_id_mask_reg[1]/CK
          Clock: (R) clk
       Endpoint: (F) acc_out_flat[364]
          Clock: (R) clk

                     Capture       Launch     
        Clock Edge:+    1000            0     
       Src Latency:+       0            0     
       Net Latency:+       0 (I)        0 (I) 
           Arrival:=    1000            0     
                                              
      Output Delay:-     200                  
       Uncertainty:-      50                  
     Required Time:=     750                  
      Launch Clock:-       0                  
         Data Path:-    3174                  
             Slack:=   -2424                  

Exceptions/Constraints:
  output_delay             200             sfa_top.sdc_line_14_337_1 

#------------------------------------------------------------------------------------------------------------------------------------
#                       Timing Point                         Flags    Arc   Edge   Cell     Fanout Load Trans Delay Arrival Instance 
#                                                                                                  (fF)  (ps)  (ps)   (ps)  Location 
#------------------------------------------------------------------------------------------------------------------------------------
  u_fission_dec/region_id_mask_reg[1]/CK                     -       -      R     (arrival)    204    -    50     0       0    (-,-) 
  u_fission_dec/region_id_mask_reg[1]/Q                      -       CK->Q  R     DFFRHQX4       6 29.4   102   404     404    (-,-) 
  u_array/g6238/Y                                            -       B->Y   F     NAND2X2        1 21.6   166   144     548    (-,-) 
  u_array/g6226/Y                                            -       A->Y   R     NAND2X8       18 63.8   106   118     666    (-,-) 
  u_array/fopt7561/Y                                         -       A->Y   F     CLKINVX1       1  5.2    61    62     728    (-,-) 
  u_array/fopt7560/Y                                         -       A->Y   R     CLKINVX2       2  8.0    46    53     781    (-,-) 
  u_array/g6314/Y                                            -       A1->Y  F     AOI22X2        2  6.9   116    93     874    (-,-) 
  u_array/g6300/Y                                            -       A1->Y  R     OAI21X2        2  4.4    89    96     970    (-,-) 
  u_array/g4764_0/Y                                          -       A1N->Y R     OAI2BB1X1      1  3.8    72   153    1123    (-,-) 
  u_array/g6423/Y                                            -       B->Y   R     CLKAND2X3      8 16.7    69   131    1254    (-,-) 
  u_array/gen_pe_row[2].gen_pe_col[3].u_pe_mul_65_41_g3450/Y -       B->Y   F     NAND2X1        2  5.5   100    90    1345    (-,-) 
  u_array/gen_pe_row[2].gen_pe_col[3].u_pe_mul_65_41_g3424/Y -       A->Y   R     CLKINVX1       3  6.0    70    78    1423    (-,-) 
  u_array/gen_pe_row[2].gen_pe_col[3].u_pe_mul_65_41_g3350/Y -       B1->Y  F     OAI22X1        2  5.4   124   103    1526    (-,-) 
  u_array/gen_pe_row[2].gen_pe_col[3].u_pe_mul_65_41_g3346/Y -       A->Y   R     INVX1          1  2.6    54    59    1585    (-,-) 
  u_array/gen_pe_row[2].gen_pe_col[3].u_pe_mul_65_41_g3325/Y -       A->Y   F     MXI2X1         2  5.5   122   105    1691    (-,-) 
  u_array/gen_pe_row[2].gen_pe_col[3].u_pe_mul_65_41_g3261/Y -       A1N->Y F     AOI2BB2X4      2 10.9   113   208    1899    (-,-) 
  u_array/gen_pe_row[2].gen_pe_col[3].u_pe_mul_65_41_g3219/Y -       B->Y   R     NAND2X2        1  5.3    60    61    1960    (-,-) 
  u_array/gen_pe_row[2].gen_pe_col[3].u_pe_mul_65_41_g3212/Y -       B0->Y  F     OAI21X2        2  8.9    97    87    2048    (-,-) 
  u_array/gen_pe_row[2].gen_pe_col[3].u_pe_mul_65_41_g3144/Y -       B->Y   R     XOR3X1         2  5.6   110   282    2330    (-,-) 
  u_array/gen_pe_row[2].gen_pe_col[3].u_pe_mul_65_41_g3110/Y -       B->Y   F     NAND2BX1       2  7.3   126   117    2447    (-,-) 
  u_array/g8575/Y                                            -       B0->Y  R     OAI2BB1X2      2 11.2    97    91    2538    (-,-) 
  u_array/gen_pe_row[2].gen_pe_col[3].u_pe_mul_65_41_g3081/Y -       A0->Y  F     OAI21X2        1  5.3    84    86    2624    (-,-) 
  u_array/gen_pe_row[2].gen_pe_col[3].u_pe_mul_65_41_g3078/Y -       B0->Y  R     AOI21X2        2  6.9    92    93    2717    (-,-) 
  u_array/gen_pe_row[2].gen_pe_col[3].u_pe_mul_65_41_g3077/Y -       A->Y   R     BUFX6          4 22.5    54   122    2838    (-,-) 
  u_array/g8656/S                                            -       A->S   F     ADDHXL         1  2.2    59   190    3028    (-,-) 
  u_array/g7169/Y                                            -       B->Y   F     CLKAND2X2      1 10.0    67   146    3174    (-,-) 
  acc_out_flat[364]                                          <<<     -      F     (port)         -    -     -     0    3174    (-,-) 
#------------------------------------------------------------------------------------------------------------------------------------

