============================================================
  Generated by:           Genus(TM) Synthesis Solution 21.14-s082_1
  Generated on:           Oct 08 2026  02:17:04 pm
  Module:                 dfs_top
  Operating conditions:   slow (balanced_tree)
  Wireload mode:          enclosed
  Area mode:              timing library
============================================================

              Instance                                   Module                     Cell Count  Cell Area  Net Area   Total Area   Wireload  
---------------------------------------------------------------------------------------------------------------------------------------------
dfs_top                                                                                   8203  42032.171     0.000    42032.171 <none> (D)  
  u_array                            dfs_array_DATA_W8_ACC_W32_NUM_ROWS4_NUM_COLS4        8171  41892.144     0.000    41892.144 <none> (D)  
    gen_pe_row[0].gen_pe_col[0].u_pe dfs_pe_DATA_W8_ACC_W32                                508   2573.460     0.000     2573.460 <none> (D)  
    gen_pe_row[0].gen_pe_col[1].u_pe dfs_pe_DATA_W8_ACC_W32_46                             508   2574.974     0.000     2574.974 <none> (D)  
    gen_pe_row[0].gen_pe_col[2].u_pe dfs_pe_DATA_W8_ACC_W32_45                             508   2574.217     0.000     2574.217 <none> (D)  
    gen_pe_row[0].gen_pe_col[3].u_pe dfs_pe_DATA_W8_ACC_W32_44                             508   2586.327     0.000     2586.327 <none> (D)  
    gen_pe_row[1].gen_pe_col[0].u_pe dfs_pe_DATA_W8_ACC_W32_43                             522   2674.885     0.000     2674.885 <none> (D)  
    gen_pe_row[1].gen_pe_col[1].u_pe dfs_pe_DATA_W8_ACC_W32_42                             521   2666.559     0.000     2666.559 <none> (D)  
    gen_pe_row[1].gen_pe_col[2].u_pe dfs_pe_DATA_W8_ACC_W32_41                             525   2690.023     0.000     2690.023 <none> (D)  
    gen_pe_row[1].gen_pe_col[3].u_pe dfs_pe_DATA_W8_ACC_W32_40                             512   2620.388     0.000     2620.388 <none> (D)  
    gen_pe_row[2].gen_pe_col[0].u_pe dfs_pe_DATA_W8_ACC_W32_39                             505   2620.388     0.000     2620.388 <none> (D)  
    gen_pe_row[2].gen_pe_col[1].u_pe dfs_pe_DATA_W8_ACC_W32_38                             496   2590.869     0.000     2590.869 <none> (D)  
    gen_pe_row[2].gen_pe_col[2].u_pe dfs_pe_DATA_W8_ACC_W32_37                             505   2621.145     0.000     2621.145 <none> (D)  
    gen_pe_row[2].gen_pe_col[3].u_pe dfs_pe_DATA_W8_ACC_W32_36                             502   2612.062     0.000     2612.062 <none> (D)  
    gen_pe_row[3].gen_pe_col[0].u_pe dfs_pe_DATA_W8_ACC_W32_35                             511   2603.736     0.000     2603.736 <none> (D)  
    gen_pe_row[3].gen_pe_col[1].u_pe dfs_pe_DATA_W8_ACC_W32_34                             511   2603.736     0.000     2603.736 <none> (D)  
    gen_pe_row[3].gen_pe_col[2].u_pe dfs_pe_DATA_W8_ACC_W32_33                             511   2603.736     0.000     2603.736 <none> (D)  
    gen_pe_row[3].gen_pe_col[3].u_pe dfs_pe_DATA_W8_ACC_W32_32                             511   2601.465     0.000     2601.465 <none> (D)  
  (D) = wireload is default in technology library
