============================================================
  Generated by:           Genus(TM) Synthesis Solution 21.14-s082_1
  Generated on:           Oct 08 2026  02:17:04 pm
  Module:                 dfs_top
  Operating conditions:   slow (balanced_tree)
  Wireload mode:          enclosed
  Area mode:              timing library
============================================================

Timing
--------

Clock Period 
-------------
clk   1000.0 


  Cost    Critical               Violating 
 Group   Path Slack     TNS        Paths   
-------------------------------------------
clk         -1977.0   -908775.9        640 
default    No paths         0.0            
-------------------------------------------
Total                 -908775.9        640 

Instance Count
--------------
Leaf Instance Count             8203 
Physical Instance count            0 
Sequential Instance Count        128 
Combinational Instance Count    8075 
Hierarchical Instance Count       17 

Area
----
Cell Area                          42032.171
Physical Cell Area                 0.000
Total Cell Area (Cell+Physical)    42032.171
Net Area                           0.000
Total Area (Cell+Physical+Net)     42032.171

Max Fanout                         128 (clk)
Min Fanout                         0 (tile_acc_clr)
Average Fanout                     2.1
Terms to net ratio                 3.0879
Terms to instance ratio            3.1270
Runtime                            94.16620700000021 seconds
Elapsed Runtime                    93 seconds
Genus peak memory usage            1493.01 
Innovus peak memory usage          no_value 
Hostname                           localhost
