============================================================
  Generated by:           Genus(TM) Synthesis Solution 21.14-s082_1
  Generated on:           Oct 08 2026  02:17:03 pm
  Module:                 dfs_top
  Operating conditions:   slow (balanced_tree)
  Wireload mode:          enclosed
  Area mode:              timing library
============================================================


Path 1: VIOLATED (-1977 ps) Late External Delay Assertion at pin acc_out_flat[140]
          Group: clk
     Startpoint: (R) cfg_dataflow_mode[0]
          Clock: (R) clk
       Endpoint: (F) acc_out_flat[140]
          Clock: (R) clk

                     Capture       Launch     
        Clock Edge:+    1000            0     
        Drv Adjust:+       0           62     
       Src Latency:+       0            0     
       Net Latency:+       0 (I)        0 (I) 
           Arrival:=    1000           62     
                                              
      Output Delay:-     200                  
       Uncertainty:-      50                  
     Required Time:=     750                  
      Launch Clock:-      62                  
       Input Delay:-     200                  
         Data Path:-    2465                  
             Slack:=   -1977                  

Exceptions/Constraints:
  input_delay              200             dfs_top.sdc_line_13_2_1   
  output_delay             200             dfs_top.sdc_line_14_503_1 

#-----------------------------------------------------------------------------------------------------------------------------------
#                       Timing Point                         Flags   Arc   Edge   Cell     Fanout Load Trans Delay Arrival Instance 
#                                                                                                 (fF)  (ps)  (ps)   (ps)  Location 
#-----------------------------------------------------------------------------------------------------------------------------------
  cfg_dataflow_mode[0]                                       -       -     R     (arrival)      2 10.6    98     0     262    (-,-) 
  u_array/fopt11/Y                                           -       A->Y  R     BUFX8         24 62.0    88   165     426    (-,-) 
  u_array/gen_pe_row[1].gen_pe_col[0].u_pe/g1136/Y           -       A->Y  R     CLKAND2X2      8 17.2    94   167     593    (-,-) 
  u_array/gen_pe_row[1].gen_pe_col[0].u_pe/g1126/Y           -       A->Y  F     NAND2XL        1  2.8   108    92     685    (-,-) 
  u_array/gen_pe_row[1].gen_pe_col[0].u_pe/g1118/Y           -       B0->Y R     OAI21X1        1  2.7    90    65     750    (-,-) 
  u_array/gen_pe_row[1].gen_pe_col[0].u_pe/fopt3689/Y        -       A->Y  F     CLKINVX1       2  6.8    66    67     817    (-,-) 
  u_array/gen_pe_row[1].gen_pe_col[0].u_pe/fopt3688/Y        -       A->Y  R     INVX2          3 15.9    76    77     894    (-,-) 
  u_array/gen_pe_row[1].gen_pe_col[0].u_pe/fopt3687/Y        -       A->Y  F     INVX3          4 18.3    57    60     954    (-,-) 
  u_array/gen_pe_row[1].gen_pe_col[0].u_pe/fopt3685/Y        -       A->Y  R     INVX2          3 18.1    83    80    1034    (-,-) 
  u_array/gen_pe_row[1].gen_pe_col[0].u_pe/mul_58_41_g3497/Y -       B->Y  F     NAND2X4        3 13.2    81    73    1108    (-,-) 
  u_array/gen_pe_row[1].gen_pe_col[0].u_pe/mul_58_41_g3471/Y -       A->Y  R     INVX2          1  5.3    42    50    1157    (-,-) 
  u_array/gen_pe_row[1].gen_pe_col[0].u_pe/mul_58_41_g3365/Y -       A1->Y F     OAI22X2        3  8.1   109    95    1252    (-,-) 
  u_array/gen_pe_row[1].gen_pe_col[0].u_pe/mul_58_41_g3311/Y -       B->Y  R     NOR2X1         1  2.8    82    86    1338    (-,-) 
  u_array/gen_pe_row[1].gen_pe_col[0].u_pe/mul_58_41_g3301/Y -       B0->Y F     AOI21X1        2  5.3   118    62    1400    (-,-) 
  u_array/gen_pe_row[1].gen_pe_col[0].u_pe/mul_58_41_g3259/Y -       A->Y  R     CLKINVX1       1  2.7    54    59    1460    (-,-) 
  u_array/gen_pe_row[1].gen_pe_col[0].u_pe/mul_58_41_g3237/Y -       B0->Y F     AOI22X1        2  5.3   135    93    1552    (-,-) 
  u_array/gen_pe_row[1].gen_pe_col[0].u_pe/mul_58_41_g3202/Y -       A->Y  R     NOR2X1         2  5.6   122   128    1680    (-,-) 
  u_array/gen_pe_row[1].gen_pe_col[0].u_pe/mul_58_41_g3168/Y -       B0->Y F     AOI21X1        2  4.4   103    64    1744    (-,-) 
  u_array/gen_pe_row[1].gen_pe_col[0].u_pe/mul_58_41_g3136/Y -       A0->Y R     OAI21X1        2  4.3   114   122    1866    (-,-) 
  u_array/gen_pe_row[1].gen_pe_col[0].u_pe/mul_58_41_g3122/Y -       A->Y  F     NAND2X1        1  5.3    99    99    1965    (-,-) 
  u_array/gen_pe_row[1].gen_pe_col[0].u_pe/mul_58_41_g3104/Y -       B->Y  R     NAND2X2        3  8.5    60    70    2035    (-,-) 
  u_array/gen_pe_row[1].gen_pe_col[0].u_pe/mul_58_41_g3080/Y -       B->Y  F     NAND2X2        1  5.3    62    61    2096    (-,-) 
  u_array/gen_pe_row[1].gen_pe_col[0].u_pe/mul_58_41_g3078/Y -       B->Y  R     NAND2X2        2 12.6    72    71    2167    (-,-) 
  u_array/gen_pe_row[1].gen_pe_col[0].u_pe/mul_58_41_g3073/Y -       B->Y  F     NAND2X4        2 15.9    82    76    2244    (-,-) 
  u_array/gen_pe_row[1].gen_pe_col[0].u_pe/mul_58_41_g3068/Y -       A1->Y R     OAI21X4        6 21.7   129   122    2366    (-,-) 
  u_array/gen_pe_row[1].gen_pe_col[0].u_pe/g3698/Y           -       A->Y  F     XOR2XL         1  2.2    63   214    2580    (-,-) 
  u_array/gen_pe_row[1].gen_pe_col[0].u_pe/g820/Y            -       B->Y  F     CLKAND2X2      1 10.0    70   147    2727    (-,-) 
  acc_out_flat[140]                                          <<<     -     F     (port)         -    -     -     0    2727    (-,-) 
#-----------------------------------------------------------------------------------------------------------------------------------

