============================================================
  Generated by:           Genus(TM) Synthesis Solution 21.14-s082_1
  Generated on:           Oct 08 2026  02:26:30 pm
  Module:                 hdf_top
  Operating conditions:   slow (balanced_tree)
  Wireload mode:          enclosed
  Area mode:              timing library
============================================================

Timing
--------

Clock Period 
-------------
clk   1000.0 


  Cost    Critical                Violating 
 Group   Path Slack      TNS        Paths   
--------------------------------------------
clk         -2400.2   -1211364.7        712 
default    No paths          0.0            
--------------------------------------------
Total                 -1211364.7        712 

Instance Count
--------------
Leaf Instance Count             8794 
Physical Instance count            0 
Sequential Instance Count        217 
Combinational Instance Count    8577 
Hierarchical Instance Count        7 

Area
----
Cell Area                          45866.626
Physical Cell Area                 0.000
Total Cell Area (Cell+Physical)    45866.626
Net Area                           0.000
Total Area (Cell+Physical+Net)     45866.626

Max Fanout                         217 (clk)
Min Fanout                         0 (acc_clr[1])
Average Fanout                     2.1
Terms to net ratio                 3.0659
Terms to instance ratio            3.1402
Runtime                            127.15523599999852 seconds
Elapsed Runtime                    126 seconds
Genus peak memory usage            1620.36 
Innovus peak memory usage          no_value 
Hostname                           localhost
