============================================================
  Generated by:           Genus(TM) Synthesis Solution 21.14-s082_1
  Generated on:           Oct 08 2026  02:26:30 pm
  Module:                 hdf_top
  Operating conditions:   slow (balanced_tree)
  Wireload mode:          enclosed
  Area mode:              timing library
============================================================


Path 1: VIOLATED (-2400 ps) Late External Delay Assertion at pin acc_out_flat[301]
          Group: clk
     Startpoint: (R) u_fission_dec/region_id_mask_reg[1]/CK
          Clock: (R) clk
       Endpoint: (R) acc_out_flat[301]
          Clock: (R) clk

                     Capture       Launch     
        Clock Edge:+    1000            0     
       Src Latency:+       0            0     
       Net Latency:+       0 (I)        0 (I) 
           Arrival:=    1000            0     
                                              
      Output Delay:-     200                  
       Uncertainty:-      50                  
     Required Time:=     750                  
      Launch Clock:-       0                  
         Data Path:-    3150                  
             Slack:=   -2400                  

Exceptions/Constraints:
  output_delay             200             hdf_top.sdc_line_14_412_1 

#-----------------------------------------------------------------------------------------------------------------------------------
#                       Timing Point                         Flags   Arc   Edge   Cell     Fanout Load Trans Delay Arrival Instance 
#                                                                                                 (fF)  (ps)  (ps)   (ps)  Location 
#-----------------------------------------------------------------------------------------------------------------------------------
  u_fission_dec/region_id_mask_reg[1]/CK                     -       -     R     (arrival)    217    -    50     0       0    (-,-) 
  u_fission_dec/region_id_mask_reg[1]/Q                      -       CK->Q F     DFFRHQX4       6 24.4    70   399     399    (-,-) 
  u_array/fopt34341/Y                                        -       A->Y  R     CLKINVX3       1  5.3    35    41     440    (-,-) 
  u_array/g24710__5526/Y                                     -       B->Y  F     NAND2X2        1  5.3    62    55     495    (-,-) 
  u_array/g24708__8428/Y                                     -       B->Y  R     NAND2X2        2 10.5    63    65     560    (-,-) 
  u_array/fopt46/Y                                           -       A->Y  R     BUFX8         27 71.8    97   162     723    (-,-) 
  u_array/fopt31/Y                                           -       A->Y  F     INVX1          6 13.5   107   101     824    (-,-) 
  u_array/fopt25/Y                                           -       A->Y  R     CLKINVX2       3  5.0    48    53     877    (-,-) 
  u_array/g35461/Y                                           -       A->Y  F     NAND2XL        1  5.6   156   128    1005    (-,-) 
  u_array/g33838/Y                                           -       B0->Y R     OAI2BB1X2      2  5.5    74    76    1081    (-,-) 
  u_array/g33823/Y                                           -       B->Y  R     CLKAND2X3      5 11.5    57   120    1200    (-,-) 
  u_array/gen_pe_row[2].gen_pe_col[1].u_pe_mul_92_41_g4832/Y -       A->Y  F     NAND2X1        2  5.4   105    88    1289    (-,-) 
  u_array/g35647/Y                                           -       S0->Y R     MX2X1          1  3.5    64   213    1502    (-,-) 
  u_array/g34829/Y                                           -       B->Y  F     XNOR2X1        4  7.9    94   181    1683    (-,-) 
  u_array/g35369/Y                                           -       AN->Y F     NAND2BXL       1  1.7    70   122    1805    (-,-) 
  u_array/gen_pe_row[2].gen_pe_col[1].u_pe_mul_92_41_g4577/Y -       B0->Y R     OAI2BB1XL      1  1.8    58    62    1867    (-,-) 
  u_array/gen_pe_row[2].gen_pe_col[1].u_pe_mul_92_41_g4954/Y -       A->Y  F     XNOR2X1        2  7.9    94   245    2112    (-,-) 
  u_array/gen_pe_row[2].gen_pe_col[1].u_pe_mul_92_41_g4485/Y -       S0->Y F     MXI2X1         2  5.3   117   161    2274    (-,-) 
  u_array/gen_pe_row[2].gen_pe_col[1].u_pe_mul_92_41_g4470/Y -       A->Y  R     NAND2X1        3  6.2    82    92    2366    (-,-) 
  u_array/gen_pe_row[2].gen_pe_col[1].u_pe_mul_92_41_g4440/Y -       B->Y  F     NAND2XL        1  1.7    71    72    2438    (-,-) 
  u_array/gen_pe_row[2].gen_pe_col[1].u_pe_mul_92_41_g4945/Y -       A->Y  F     OR2X1          1  5.3    70   167    2605    (-,-) 
  u_array/gen_pe_row[2].gen_pe_col[1].u_pe_mul_92_41_g4424/Y -       A1->Y R     OAI21X2        4  8.6   112   106    2712    (-,-) 
  u_array/fopt34369/Y                                        -       A->Y  F     INVX1          1  2.7    49    46    2758    (-,-) 
  u_array/gen_pe_row[2].gen_pe_col[1].u_pe_mul_92_41_g4415/Y -       A1->Y R     OAI21X1        2  3.3    99    91    2849    (-,-) 
  u_array/gen_pe_row[2].gen_pe_col[1].u_pe_mul_92_41_g4414/Y -       A->Y  F     INVXL          1  1.6    47    46    2894    (-,-) 
  u_array/gen_pe_row[2].gen_pe_col[1].u_pe_mul_92_41_g4408/Y -       B->Y  R     MXI2XL         1  2.2   115   109    3003    (-,-) 
  u_array/g32837__7482/Y                                     -       B->Y  R     CLKAND2X2      1 10.0    68   147    3150    (-,-) 
  acc_out_flat[301]                                          <<<     -     R     (port)         -    -     -     0    3150    (-,-) 
#-----------------------------------------------------------------------------------------------------------------------------------

