============================================================
  Generated by:           Genus(TM) Synthesis Solution 21.14-s082_1
  Generated on:           Oct 08 2026  05:13:23 pm
  Module:                 hdf_top
  Operating conditions:   slow (balanced_tree)
  Wireload mode:          enclosed
  Area mode:              timing library
============================================================

                                 
   Gate     Instances    Area    Library 
-----------------------------------------
ACHCONX2            1     37.845    slow 
ADDFHX1            12    254.318    slow 
ADDFHX2             1     22.707    slow 
ADDFHXL             2     42.386    slow 
ADDFX1              3     59.038    slow 
ADDFXL             18    354.229    slow 
ADDHX1             17    205.877    slow 
ADDHXL              4     48.442    slow 
AND2X1            331   1503.203    slow 
AND2X2              3     15.895    slow 
AND2X4              7     58.281    slow 
AND2X6              2     22.707    slow 
AND2XL             93    422.350    slow 
AND3X1             15     90.828    slow 
AND3XL              5     30.276    slow 
AND4X1              1      6.812    slow 
AO21X1             21    143.054    slow 
AO21X2              1      7.569    slow 
AO21XL              1      7.569    slow 
AO22X1             47    355.743    slow 
AO22XL            109    825.021    slow 
AOI211X1           16     84.773    slow 
AOI211X2            4     42.386    slow 
AOI211XL            2     10.597    slow 
AOI21X1           334   1516.828    slow 
AOI21X2           115    957.479    slow 
AOI21X4            46    661.531    slow 
AOI21XL            89    404.185    slow 
AOI221X1           18    136.242    slow 
AOI221XL            2     15.138    slow 
AOI222X1            2     18.166    slow 
AOI222XL            1      8.326    slow 
AOI22X1            73    442.030    slow 
AOI22X2            12    118.076    slow 
AOI22X4             1     18.923    slow 
AOI22XL            13     78.718    slow 
AOI2BB1X1          87    526.802    slow 
AOI2BB1X2           8     66.607    slow 
AOI2BB1X4           1     12.110    slow 
AOI2BB1XL           3     18.166    slow 
AOI2BB2X1           8     72.662    slow 
AOI2BB2X2           4     51.469    slow 
AOI2BB2X4           1     21.950    slow 
AOI31X1            20    121.104    slow 
AOI31X2             2     19.679    slow 
AOI31X4             2     40.873    slow 
AOI31XL             5     30.276    slow 
AOI32X1            12     81.745    slow 
AOI32X2             1     12.110    slow 
AOI32XL             4     27.248    slow 
AOI33XL             3     22.707    slow 
BUFX12              1     15.895    slow 
BUFX2             300   1362.420    slow 
BUFX3              48    290.650    slow 
BUFX4               2     13.624    slow 
BUFX6              17    154.408    slow 
CLKAND2X12          4     93.856    slow 
CLKAND2X2         125    662.288    slow 
CLKAND2X3          82    744.790    slow 
CLKAND2X4           5     49.199    slow 
CLKAND2X6          18    272.484    slow 
CLKBUFX2           75    340.605    slow 
CLKBUFX3            1      6.055    slow 
CLKBUFX6            1      9.083    slow 
CLKINVX1         1233   2799.773    slow 
CLKINVX2          428   1619.766    slow 
CLKINVX3           75    340.605    slow 
CLKINVX4           29    175.601    slow 
CLKINVX6           16    108.994    slow 
CLKINVX8            3     27.248    slow 
CLKXOR2X1          86    716.027    slow 
CLKXOR2X2           1      9.083    slow 
DFFRHQX1          273   5579.110    slow 
DFFRHQX2           59   1250.399    slow 
DFFRHQX4           33    849.242    slow 
DFFRHQX8          118   3751.197    slow 
DFFRX1            107   2348.661    slow 
DFFRX2            111   2520.477    slow 
DFFRX4             10    295.191    slow 
DFFSHQX1            7    148.352    slow 
DFFSX2              2     49.955    slow 
DLY2X1             41    589.625    slow 
DLY2X4              1     18.166    slow 
INVX1             283    642.608    slow 
INVX2              67    253.561    slow 
INVX3              28    127.159    slow 
INVX4              13     78.718    slow 
INVX6               5     34.060    slow 
INVXL             747   1696.213    slow 
MX2X1              49    333.793    slow 
MX2X2               1      8.326    slow 
MX2XL              13     98.397    slow 
MXI2X1            254   1730.273    slow 
MXI2X2              1      9.840    slow 
MXI2XL            360   2179.872    slow 
NAND2BX1          573   2602.222    slow 
NAND2BX2           28    190.739    slow 
NAND2BX4           12    136.242    slow 
NAND2BXL          148    672.127    slow 
NAND2X1           655   2478.847    slow 
NAND2X2           415   2512.908    slow 
NAND2X4            65    639.581    slow 
NAND2X6             7    100.668    slow 
NAND2X8             4     66.607    slow 
NAND2XL          1694   5128.754    slow 
NAND3BX1           23    139.270    slow 
NAND3BX2            5     45.414    slow 
NAND3BX4            1     15.895    slow 
NAND3BXL           12     72.662    slow 
NAND3X1           117    531.344    slow 
NAND3X2            73    607.791    slow 
NAND3X4             9    129.430    slow 
NAND3X6             1     21.193    slow 
NAND3XL           196    890.114    slow 
NAND4BX1            1      7.569    slow 
NAND4BXL            2     13.624    slow 
NAND4X1             1      6.055    slow 
NAND4XL             5     26.492    slow 
NOR2BX1           588   2670.343    slow 
NOR2BX2            40    272.484    slow 
NOR2BX4             3     34.061    slow 
NOR2BXL           109    495.013    slow 
NOR2X1            300   1135.350    slow 
NOR2X2            168   1017.274    slow 
NOR2X4             42    413.267    slow 
NOR2X6             11    141.540    slow 
NOR2X8              2     33.304    slow 
NOR2XL            637   1928.581    slow 
NOR3BX1            32    193.766    slow 
NOR3BX2             3     29.519    slow 
NOR3BXL             5     30.276    slow 
NOR3X1             47    213.446    slow 
NOR3X2              5     45.414    slow 
NOR3X4              1     15.895    slow 
NOR3XL             15     68.121    slow 
NOR4BBXL            2     16.652    slow 
NOR4BX1            11     74.933    slow 
NOR4BXL            17    115.806    slow 
NOR4X1              4     24.221    slow 
NOR4XL             14     84.773    slow 
OA21X1             33    224.799    slow 
OA21XL             27    183.927    slow 
OA22X1              8     60.552    slow 
OA22XL              1      7.569    slow 
OAI211X1           51    270.213    slow 
OAI211X2            6     68.121    slow 
OAI211XL           58    307.301    slow 
OAI21X1           611   2774.795    slow 
OAI21X2           225   1873.328    slow 
OAI21X4            56    805.342    slow 
OAI21XL           191    867.407    slow 
OAI221X1           13     98.397    slow 
OAI221X2            3     40.873    slow 
OAI221X4            1     24.221    slow 
OAI221XL            8     60.552    slow 
OAI22X1           157    950.666    slow 
OAI22X2            42    413.267    slow 
OAI22XL            29    175.601    slow 
OAI2BB1X1         445   2357.744    slow 
OAI2BB1X2         106    802.314    slow 
OAI2BB1X4          14    169.546    slow 
OAI2BB1XL         135    715.271    slow 
OAI2BB2X1           4     39.359    slow 
OAI2BB2X2           5     71.906    slow 
OAI31X1            31    187.711    slow 
OAI31X2             6     68.121    slow 
OAI31XL             4     24.221    slow 
OAI32X1             4     27.248    slow 
OAI32X2             1     13.624    slow 
OAI32XL             2     13.624    slow 
OAI33X1             3     24.978    slow 
OR2X1             143    649.420    slow 
OR2X2               3     15.895    slow 
OR2X4               2     16.652    slow 
OR2X6               1     11.354    slow 
OR2XL              71    322.439    slow 
OR3X1               4     24.221    slow 
OR3XL               7     42.386    slow 
XNOR2X1            58    482.902    slow 
XNOR2X2            10    105.966    slow 
XNOR2XL            90    749.331    slow 
XNOR3X1            58   1317.006    slow 
XNOR3XL             5    113.535    slow 
XOR2X1             11     91.585    slow 
XOR2XL             70    582.813    slow 
XOR3X1             74   1680.318    slow 
XOR3XL              7    158.949    slow 
-----------------------------------------
total           15713  90735.658         


                                          
     Type      Instances    Area   Area % 
------------------------------------------
sequential           720 16792.584   18.5 
inverter            2927  7904.307    8.7 
buffer               487  2800.530    3.1 
logic              11579 63238.238   69.7 
physical_cells         0     0.000    0.0 
------------------------------------------
total              15713 90735.658  100.0 

