============================================================
  Generated by:           Genus(TM) Synthesis Solution 21.14-s082_1
  Generated on:           Oct 08 2026  04:02:43 pm
  Module:                 hdf_top
  Operating conditions:   slow (balanced_tree)
  Wireload mode:          enclosed
  Area mode:              timing library
============================================================

Timing
--------

Clock Period 
-------------
clk   3333.0 


  Cost    Critical              Violating 
 Group   Path Slack     TNS       Paths   
------------------------------------------
clk          -322.9   -80671.4        329 
default    No paths        0.0            
------------------------------------------
Total                 -80671.4        329 

Instance Count
--------------
Leaf Instance Count             14521 
Physical Instance count             0 
Sequential Instance Count         729 
Combinational Instance Count    13792 
Hierarchical Instance Count         7 

Area
----
Cell Area                          87148.709
Physical Cell Area                 0.000
Total Cell Area (Cell+Physical)    87148.709
Net Area                           0.000
Total Area (Cell+Physical+Net)     87148.709

Max Fanout                         729 (clk)
Min Fanout                         0 (rst_n)
Average Fanout                     2.2
Terms to net ratio                 3.1882
Terms to instance ratio            3.3171
Runtime                            269.8528969999992 seconds
Elapsed Runtime                    265 seconds
Genus peak memory usage            1856.92 
Innovus peak memory usage          no_value 
Hostname                           localhost
