============================================================
  Generated by:           Genus(TM) Synthesis Solution 21.14-s082_1
  Generated on:           Oct 08 2026  04:02:42 pm
  Module:                 hdf_top
  Operating conditions:   slow (balanced_tree)
  Wireload mode:          enclosed
  Area mode:              timing library
============================================================


Path 1: VIOLATED (-323 ps) Setup Check with Pin u_array/gen_pe_row[0].gen_pe_col[3].u_pe_mac_acc_reg[28]/CK->D
          Group: clk
     Startpoint: (R) u_fission_dec/region_id_mask_reg[1]/CK
          Clock: (R) clk
       Endpoint: (R) u_array/gen_pe_row[0].gen_pe_col[3].u_pe_mac_acc_reg[28]/D
          Clock: (R) clk

                     Capture       Launch     
        Clock Edge:+    3333            0     
       Src Latency:+       0            0     
       Net Latency:+       0 (I)        0 (I) 
           Arrival:=    3333            0     
                                              
             Setup:-     149                  
       Uncertainty:-      50                  
     Required Time:=    3134                  
      Launch Clock:-       0                  
         Data Path:-    3457                  
             Slack:=    -323                  

#-----------------------------------------------------------------------------------------------------------------------------------
#                       Timing Point                         Flags   Arc   Edge   Cell     Fanout Load Trans Delay Arrival Instance 
#                                                                                                 (fF)  (ps)  (ps)   (ps)  Location 
#-----------------------------------------------------------------------------------------------------------------------------------
  u_fission_dec/region_id_mask_reg[1]/CK                     -       -     R     (arrival)    729    -    50     0       0    (-,-) 
  u_fission_dec/region_id_mask_reg[1]/Q                      -       CK->Q R     DFFRHQX4       9 35.2   112   414     414    (-,-) 
  u_array/fopt43948/Y                                        -       A->Y  F     INVX4          2 10.5    47    44     458    (-,-) 
  u_array/g31069__6131/Y                                     -       B->Y  R     NAND2X2        1  5.4    45    46     504    (-,-) 
  u_array/g31056__5107/Y                                     -       B->Y  R     AND2X6         4 33.8    86   177     681    (-,-) 
  u_array/g30997/Y                                           -       A->Y  F     INVX3          4 17.4    58    61     742    (-,-) 
  u_array/g30996/Y                                           -       A->Y  R     INVX3          3 20.9    67    70     812    (-,-) 
  u_array/g30995/Y                                           -       A->Y  F     INVX4          4 16.2    44    47     858    (-,-) 
  u_array/g30763__9315/Y                                     -       A1->Y R     OAI21X2        2  7.0    98    91     949    (-,-) 
  u_array/g30394__1705/Y                                     -       A1->Y F     AOI21X2        2  8.0    97    96    1045    (-,-) 
  u_array/g30175__5477/Y                                     -       A1->Y R     OAI21X2        2  5.5    92    97    1142    (-,-) 
  u_array/g30146__7098/Y                                     -       B->Y  R     CLKAND2X3      3  8.2    53   115    1258    (-,-) 
  u_array/WALLACE_CSA_DUMMY_OP236_groupi_g5866/Y             -       A->Y  F     NAND2X1        3  6.1   105    94    1351    (-,-) 
  u_array/WALLACE_CSA_DUMMY_OP236_groupi_g6026/Y             -       AN->Y F     NAND2BX1       1  5.3    97   162    1513    (-,-) 
  u_array/WALLACE_CSA_DUMMY_OP236_groupi_g5726/Y             -       A1->Y R     AOI21X2        2  7.8    97   107    1621    (-,-) 
  u_array/WALLACE_CSA_DUMMY_OP236_groupi_g5577/Y             -       B->Y  F     XOR3X1         3 10.5   152   307    1927    (-,-) 
  u_array/WALLACE_CSA_DUMMY_OP236_groupi_g5510/Y             -       A->Y  R     NOR2XL         1  5.3   184   176    2104    (-,-) 
  u_array/WALLACE_CSA_DUMMY_OP236_groupi_g5477/Y             -       B0->Y F     AOI21X2        2  8.9   100    71    2175    (-,-) 
  u_array/WALLACE_CSA_DUMMY_OP236_groupi_g5390/Y             -       B->Y  F     XNOR3X1        2  4.4   101   251    2426    (-,-) 
  u_array/WALLACE_CSA_DUMMY_OP236_groupi_g5358/Y             -       B->Y  R     NAND2X1        4  7.5    89    91    2517    (-,-) 
  u_array/WALLACE_CSA_DUMMY_OP236_groupi_g5339/Y             -       B->Y  R     AND2X1         2  4.3    66   151    2668    (-,-) 
  u_array/WALLACE_CSA_DUMMY_OP236_groupi_g5320/Y             -       A->Y  F     NAND3X1        1  5.3   155   138    2806    (-,-) 
  u_array/WALLACE_CSA_DUMMY_OP236_groupi_g5314/Y             -       B->Y  R     NAND2X2        2  6.9    80    76    2882    (-,-) 
  u_array/WALLACE_CSA_DUMMY_OP236_groupi_g5310/Y             -       A1->Y F     AOI21X2        2 10.4   111   103    2985    (-,-) 
  u_array/WALLACE_CSA_DUMMY_OP236_groupi_g5303/Y             -       A->Y  R     CLKINVX2      16 25.6   119   120    3105    (-,-) 
  u_array/WALLACE_CSA_DUMMY_OP236_groupi_g5281/Y             -       A1->Y F     AOI21XL        1  2.7   134   111    3216    (-,-) 
  u_array/WALLACE_CSA_DUMMY_OP236_groupi_g5250/Y             -       A1->Y R     OAI21X1        1  1.7    87    96    3312    (-,-) 
  u_array/g42950/Y                                           -       B->Y  F     NAND2XL        1  1.7   134    73    3385    (-,-) 
  u_array/g44722/Y                                           -       B->Y  R     NAND2XL        1  1.7    64    72    3457    (-,-) 
  u_array/gen_pe_row[0].gen_pe_col[3].u_pe_mac_acc_reg[28]/D <<<     -     R     DFFRX2         1    -     -     0    3457    (-,-) 
#-----------------------------------------------------------------------------------------------------------------------------------

