============================================================
  Generated by:           Genus(TM) Synthesis Solution 21.14-s082_1
  Generated on:           Oct 08 2026  04:56:24 pm
  Module:                 sfa_top
  Operating conditions:   slow (balanced_tree)
  Wireload mode:          enclosed
  Area mode:              timing library
============================================================

                                 
   Gate     Instances    Area    Library 
-----------------------------------------
ADDFHX1             5    105.966    slow 
ADDFHX2             1     22.707    slow 
ADDFHXL             3     63.580    slow 
ADDFX1              3     59.038    slow 
ADDFXL             17    334.550    slow 
ADDHX1              8     96.883    slow 
ADDHX2              2     28.762    slow 
ADDHXL              2     24.221    slow 
AND2X1            303   1376.044    slow 
AND2X2             13     68.878    slow 
AND2X4             14    116.563    slow 
AND2X6              1     11.354    slow 
AND2X8              3     40.873    slow 
AND2XL             71    322.439    slow 
AND3X1              8     48.442    slow 
AND3XL              7     42.386    slow 
AND4XL              1      6.812    slow 
AO21X1             15    102.181    slow 
AO21XL              4     30.276    slow 
AO22X1             33    249.777    slow 
AO22X2              2     18.166    slow 
AO22XL             99    749.331    slow 
AOI211X1           14     74.176    slow 
AOI211X2            3     31.790    slow 
AOI211XL            4     21.193    slow 
AOI21X1           259   1176.223    slow 
AOI21X2           102    849.242    slow 
AOI21X4            31    445.814    slow 
AOI21XL            91    413.267    slow 
AOI221X1           20    151.380    slow 
AOI221X2            2     27.248    slow 
AOI221XL            1      7.569    slow 
AOI222XL            6     49.955    slow 
AOI22X1            40    242.208    slow 
AOI22X2            18    177.115    slow 
AOI22XL            18    108.994    slow 
AOI2BB1X1         119    720.569    slow 
AOI2BB1X2          16    133.214    slow 
AOI2BB1X4           1     12.110    slow 
AOI2BB1XL          14     84.773    slow 
AOI2BB2X1           3     27.248    slow 
AOI2BB2X2           4     51.469    slow 
AOI2BB2XL           1      9.083    slow 
AOI31X1            26    157.435    slow 
AOI31X2             3     29.519    slow 
AOI31X4             2     40.873    slow 
AOI31XL            11     66.607    slow 
AOI32X1            15    102.181    slow 
AOI32XL             4     27.248    slow 
AOI33XL             2     15.138    slow 
BUFX2             266   1208.012    slow 
BUFX3              58    351.202    slow 
BUFX6              11     99.911    slow 
BUFX8               2     22.707    slow 
CLKAND2X12          3     70.392    slow 
CLKAND2X2         189   1001.379    slow 
CLKAND2X3          68    617.630    slow 
CLKAND2X4           4     39.359    slow 
CLKAND2X6          11    166.518    slow 
CLKAND2X8           4     69.635    slow 
CLKBUFX2          105    476.847    slow 
CLKBUFX3            1      6.055    slow 
CLKBUFX6            1      9.083    slow 
CLKINVX1         1418   3219.853    slow 
CLKINVX12           1     12.110    slow 
CLKINVX2          415   1570.567    slow 
CLKINVX3           43    195.280    slow 
CLKINVX4           24    145.325    slow 
CLKINVX6           12     81.745    slow 
CLKINVX8            2     18.166    slow 
CLKXOR2X1          85    707.702    slow 
DFFRHQX1          294   6008.272    slow 
DFFRHQX2           66   1398.751    slow 
DFFRHQX4           36    926.446    slow 
DFFRHQX8           95   3020.031    slow 
DFFRX1             68   1492.607    slow 
DFFRX2            125   2838.375    slow 
DFFRX4              9    265.672    slow 
DFFRXL              2     43.900    slow 
DFFSHQX1            7    148.352    slow 
DFFSX4              2     57.524    slow 
DLY2X1             36    517.720    slow 
DLY2X4              1     18.166    slow 
INVX1             301    683.481    slow 
INVX16              2     33.304    slow 
INVX2              54    204.363    slow 
INVX3              18     81.745    slow 
INVX4              13     78.718    slow 
INVX6               5     34.060    slow 
INVXL             751   1705.296    slow 
MX2X1             175   1192.118    slow 
MXI2X1            277   1886.952    slow 
MXI2X2              8     78.718    slow 
MXI2XL            361   2185.927    slow 
NAND2BX1          530   2406.942    slow 
NAND2BX2           37    252.048    slow 
NAND2BX4            4     45.414    slow 
NAND2BXL          193    876.490    slow 
NAND2X1           682   2581.029    slow 
NAND2X2           456   2761.171    slow 
NAND2X4            54    531.344    slow 
NAND2X6             3     43.143    slow 
NAND2X8             1     16.652    slow 
NAND2XL          1367   4138.729    slow 
NAND3BX1           28    169.546    slow 
NAND3BX2            5     45.414    slow 
NAND3BX4            2     31.790    slow 
NAND3BXL           15     90.828    slow 
NAND3X1           125    567.675    slow 
NAND3X2            74    616.117    slow 
NAND3X4             4     57.524    slow 
NAND3XL            58    263.401    slow 
NAND4BBX1           1      9.083    slow 
NAND4BXL            2     13.624    slow 
NAND4X1             2     12.110    slow 
NAND4X2             1     11.354    slow 
NAND4XL             7     37.088    slow 
NOR2BX1           646   2933.744    slow 
NOR2BX2            48    326.981    slow 
NOR2BX4             2     22.707    slow 
NOR2BXL            95    431.433    slow 
NOR2X1            400   1513.800    slow 
NOR2X2            204   1235.261    slow 
NOR2X4             26    255.832    slow 
NOR2X6              6     77.204    slow 
NOR2X8              3     49.955    slow 
NOR2XL            670   2028.492    slow 
NOR3BX1            27    163.490    slow 
NOR3BX2             3     29.519    slow 
NOR3BX4             2     34.817    slow 
NOR3BXL             7     42.386    slow 
NOR3X1             54    245.236    slow 
NOR3X2             10     90.828    slow 
NOR3X4              1     15.895    slow 
NOR3XL             11     49.955    slow 
NOR4BX1             4     27.248    slow 
NOR4BX2             1     12.867    slow 
NOR4BXL             4     27.248    slow 
NOR4X1             43    260.374    slow 
NOR4XL             14     84.773    slow 
OA21X1             34    231.611    slow 
OA21XL             20    136.242    slow 
OA22X1              8     60.552    slow 
OAI211X1           34    180.142    slow 
OAI211X2            5     56.767    slow 
OAI211X4            1     19.679    slow 
OAI211XL           51    270.213    slow 
OAI21X1           640   2906.496    slow 
OAI21X2           262   2181.386    slow 
OAI21X4            31    445.814    slow 
OAI21XL           216    980.942    slow 
OAI221X1           25    189.225    slow 
OAI221X2            2     27.248    slow 
OAI221XL            9     68.121    slow 
OAI222XL            2     16.652    slow 
OAI22X1           120    726.624    slow 
OAI22X2            53    521.504    slow 
OAI22X4             4     81.745    slow 
OAI22XL            33    199.822    slow 
OAI2BB1X1         342   1812.019    slow 
OAI2BB1X2          75    567.675    slow 
OAI2BB1X4           7     84.773    slow 
OAI2BB1XL          95    503.339    slow 
OAI2BB2X1           8     78.718    slow 
OAI2BB2X2           4     57.524    slow 
OAI2BB2X4           1     22.707    slow 
OAI31X1             9     54.497    slow 
OAI31X2             7     79.475    slow 
OAI31X4             1     20.436    slow 
OAI31XL            10     60.552    slow 
OAI32X1             9     61.309    slow 
OAI32X2             1     13.624    slow 
OAI32XL             3     20.436    slow 
OAI33X1             1      8.326    slow 
OR2X1             219    994.567    slow 
OR2X2               2     10.597    slow 
OR2X4               2     16.652    slow 
OR2X8               1     13.624    slow 
OR2XL             123    558.592    slow 
OR3X1               2     12.110    slow 
OR3XL              12     72.662    slow 
OR4XL               1      6.812    slow 
XNOR2X1            62    516.206    slow 
XNOR2X2             5     52.983    slow 
XNOR2XL            83    691.050    slow 
XNOR3X1            49   1112.643    slow 
XNOR3XL             7    158.949    slow 
XOR2XL             84    699.376    slow 
XOR3X1             56   1271.592    slow 
XOR3XL              5    113.535    slow 
-----------------------------------------
total           15642  88749.553         


                                          
     Type      Instances    Area   Area % 
------------------------------------------
sequential           704 16199.931   18.3 
inverter            3059  8064.013    9.1 
buffer               481  2709.702    3.1 
logic              11398 61775.907   69.6 
physical_cells         0     0.000    0.0 
------------------------------------------
total              15642 88749.553  100.0 

