============================================================
  Generated by:           Genus(TM) Synthesis Solution 21.14-s082_1
  Generated on:           Oct 08 2026  04:07:28 pm
  Module:                 sfa_top
  Operating conditions:   slow (balanced_tree)
  Wireload mode:          enclosed
  Area mode:              timing library
============================================================

Timing
--------

Clock Period 
-------------
clk   3333.0 


  Cost    Critical            Violating 
 Group   Path Slack    TNS      Paths   
----------------------------------------
clk           -14.2   -613.6         83 
default    No paths      0.0            
----------------------------------------
Total                 -613.6         83 

Instance Count
--------------
Leaf Instance Count             16414 
Physical Instance count             0 
Sequential Instance Count         716 
Combinational Instance Count    15698 
Hierarchical Instance Count        11 

Area
----
Cell Area                          101144.547
Physical Cell Area                 0.000
Total Cell Area (Cell+Physical)    101144.547
Net Area                           0.000
Total Area (Cell+Physical+Net)     101144.547

Max Fanout                         716 (clk)
Min Fanout                         0 (rst_n)
Average Fanout                     2.2
Terms to net ratio                 3.2046
Terms to instance ratio            3.3748
Runtime                            223.068849000002 seconds
Elapsed Runtime                    239 seconds
Genus peak memory usage            1815.32 
Innovus peak memory usage          no_value 
Hostname                           localhost
