============================================================
  Generated by:           Genus(TM) Synthesis Solution 21.14-s082_1
  Generated on:           Oct 08 2026  04:56:22 pm
  Module:                 sfa_top
  Operating conditions:   slow (balanced_tree)
  Wireload mode:          enclosed
  Area mode:              timing library
============================================================


Path 1: VIOLATED (-33 ps) Setup Check with Pin u_array_gen_pe_row[3].gen_pe_col[3].u_pe_mac_acc_reg[29]/CK->D
          Group: clk
     Startpoint: (R) u_fission_dec_region_id_mask_reg[0]/CK
          Clock: (R) clk
       Endpoint: (F) u_array_gen_pe_row[3].gen_pe_col[3].u_pe_mac_acc_reg[29]/D
          Clock: (R) clk

                     Capture       Launch     
        Clock Edge:+    3333            0     
       Src Latency:+       0            0     
       Net Latency:+       0 (I)        0 (I) 
           Arrival:=    3333            0     
                                              
             Setup:-      92                  
       Uncertainty:-      50                  
     Required Time:=    3191                  
      Launch Clock:-       0                  
         Data Path:-    3224                  
             Slack:=     -33                  

#------------------------------------------------------------------------------------------------------------------------------------
#                       Timing Point                         Flags   Arc   Edge   Cell     Fanout  Load Trans Delay Arrival Instance 
#                                                                                                  (fF)  (ps)  (ps)   (ps)  Location 
#------------------------------------------------------------------------------------------------------------------------------------
  u_fission_dec_region_id_mask_reg[0]/CK                     -       -     R     (arrival)    704     -    50     0       0    (-,-) 
  u_fission_dec_region_id_mask_reg[0]/Q                      -       CK->Q R     DFFRX4         4  34.2   120   453     453    (-,-) 
  fopt/Y                                                     -       A->Y  F     INVX4          1  11.0    50    46     498    (-,-) 
  g26594__35236/Y                                            -       B->Y  R     NAND2X4        1  22.0    69    63     561    (-,-) 
  g26573__35234/Y                                            -       B->Y  F     NAND2X8        2  43.3    94    89     650    (-,-) 
  g72976/Y                                                   -       A->Y  R     INVX16        20 103.6    71    76     727    (-,-) 
  g26392__37402/Y                                            -       B->Y  F     NAND2X4       11  23.5   100    93     820    (-,-) 
  g170/Y                                                     -       A->Y  R     CLKINVX1       2   5.5    67    76     896    (-,-) 
  g68644/Y                                                   -       B->Y  F     NAND2X1        1   5.3    93    88     983    (-,-) 
  g68642/Y                                                   -       B->Y  R     NAND2X2        6  15.8    84    90    1074    (-,-) 
  g68645/Y                                                   -       A->Y  F     NAND2X1        1   2.7    70    70    1143    (-,-) 
  fopt132/Y                                                  -       A->Y  R     CLKINVX1       2   5.5    60    67    1210    (-,-) 
  g67771/Y                                                   -       C->Y  F     NAND3X1        2   4.3   133   114    1324    (-,-) 
  g67770/Y                                                   -       A->Y  R     NAND2X1        2   5.4    81    92    1416    (-,-) 
  g66058/Y                                                   -       A->Y  F     NAND2X1        1   2.8    65    70    1486    (-,-) 
  g66049/Y                                                   -       B0->Y R     OAI21X1        3   5.9   139    73    1559    (-,-) 
  fopt47869/Y                                                -       A->Y  F     INVXL          2   4.3    85    82    1641    (-,-) 
  g44518/Y                                                   -       A1->Y R     OAI21X1        1   2.7    90    94    1735    (-,-) 
  g68459/Y                                                   -       A->Y  F     NAND2X1        2   4.4    84    86    1821    (-,-) 
  g68458/Y                                                   -       A->Y  F     BUFX2          1   5.3    46   131    1952    (-,-) 
  g68455/Y                                                   -       C->Y  R     NAND3X2        1   5.3    57    48    2001    (-,-) 
  g67874/Y                                                   -       B->Y  F     NAND2X2        3  10.3    92    83    2083    (-,-) 
  g54530/Y                                                   -       C->Y  R     XOR3X1         3   5.9   112   204    2288    (-,-) 
  g53776/Y                                                   -       A->Y  F     NOR2XL         1   2.6    68    67    2355    (-,-) 
  g53775/Y                                                   -       A->Y  R     NOR2X1         2   6.9   135   126    2481    (-,-) 
  g47600/Y                                                   -       B->Y  F     NAND2X2        2   8.4    94    92    2573    (-,-) 
  g38406/Y                                                   -       A0->Y R     OAI21X2        1  10.6   127   131    2704    (-,-) 
  g68828/Y                                                   -       B0->Y F     AOI21X4       15  31.0   144    84    2787    (-,-) 
  WALLACE_CSA_DUMMY_OP29_groupi_g3504/Y                      -       A1->Y R     OAI21X1        1   3.6   114   121    2908    (-,-) 
  WALLACE_CSA_DUMMY_OP29_groupi_g3480/Y                      -       B->Y  F     CLKXOR2X1      1   2.8    61   199    3107    (-,-) 
  g31339/Y                                                   -       B->Y  R     NAND2X1        1   2.8    65    51    3158    (-,-) 
  g30920__5122/Y                                             -       B0->Y F     OAI21X1        1   1.7    61    66    3224    (-,-) 
  u_array_gen_pe_row[3].gen_pe_col[3].u_pe_mac_acc_reg[29]/D <<<     -     F     DFFRX2         1     -     -     0    3224    (-,-) 
#------------------------------------------------------------------------------------------------------------------------------------

