============================================================
  Generated by:           Genus(TM) Synthesis Solution 21.14-s082_1
  Generated on:           Oct 08 2026  03:55:04 pm
  Module:                 dfs_top
  Operating conditions:   slow (balanced_tree)
  Wireload mode:          enclosed
  Area mode:              timing library
============================================================

              Instance                                   Module                     Cell Count  Cell Area  Net Area   Total Area   Wireload  
---------------------------------------------------------------------------------------------------------------------------------------------
dfs_top                                                                                  12002  72233.995     0.000    72233.995 <none> (D)  
  u_array                            dfs_array_DATA_W8_ACC_W32_NUM_ROWS4_NUM_COLS4       11959  72032.659     0.000    72032.659 <none> (D)  
    gen_pe_row[0].gen_pe_col[0].u_pe dfs_pe_DATA_W8_ACC_W32                                744   4481.605     0.000     4481.605 <none> (D)  
    gen_pe_row[0].gen_pe_col[1].u_pe dfs_pe_DATA_W8_ACC_W32_46                             732   4477.820     0.000     4477.820 <none> (D)  
    gen_pe_row[0].gen_pe_col[2].u_pe dfs_pe_DATA_W8_ACC_W32_45                             749   4527.776     0.000     4527.776 <none> (D)  
    gen_pe_row[0].gen_pe_col[3].u_pe dfs_pe_DATA_W8_ACC_W32_44                             748   4514.152     0.000     4514.152 <none> (D)  
    gen_pe_row[1].gen_pe_col[0].u_pe dfs_pe_DATA_W8_ACC_W32_43                             751   4487.660     0.000     4487.660 <none> (D)  
    gen_pe_row[1].gen_pe_col[1].u_pe dfs_pe_DATA_W8_ACC_W32_42                             750   4495.229     0.000     4495.229 <none> (D)  
    gen_pe_row[1].gen_pe_col[2].u_pe dfs_pe_DATA_W8_ACC_W32_41                             753   4498.257     0.000     4498.257 <none> (D)  
    gen_pe_row[1].gen_pe_col[3].u_pe dfs_pe_DATA_W8_ACC_W32_40                             747   4510.367     0.000     4510.367 <none> (D)  
    gen_pe_row[2].gen_pe_col[0].u_pe dfs_pe_DATA_W8_ACC_W32_39                             750   4493.715     0.000     4493.715 <none> (D)  
    gen_pe_row[2].gen_pe_col[1].u_pe dfs_pe_DATA_W8_ACC_W32_38                             742   4466.467     0.000     4466.467 <none> (D)  
    gen_pe_row[2].gen_pe_col[2].u_pe dfs_pe_DATA_W8_ACC_W32_37                             746   4491.445     0.000     4491.445 <none> (D)  
    gen_pe_row[2].gen_pe_col[3].u_pe dfs_pe_DATA_W8_ACC_W32_36                             742   4527.776     0.000     4527.776 <none> (D)  
    gen_pe_row[3].gen_pe_col[0].u_pe dfs_pe_DATA_W8_ACC_W32_35                             755   4501.284     0.000     4501.284 <none> (D)  
    gen_pe_row[3].gen_pe_col[1].u_pe dfs_pe_DATA_W8_ACC_W32_34                             751   4496.743     0.000     4496.743 <none> (D)  
    gen_pe_row[3].gen_pe_col[2].u_pe dfs_pe_DATA_W8_ACC_W32_33                             753   4505.069     0.000     4505.069 <none> (D)  
    gen_pe_row[3].gen_pe_col[3].u_pe dfs_pe_DATA_W8_ACC_W32_32                             741   4487.660     0.000     4487.660 <none> (D)  
  (D) = wireload is default in technology library
