============================================================
  Generated by:           Genus(TM) Synthesis Solution 21.14-s082_1
  Generated on:           Oct 08 2026  04:40:45 pm
  Module:                 dfs_top
  Operating conditions:   slow (balanced_tree)
  Wireload mode:          enclosed
  Area mode:              timing library
============================================================

                                 
   Gate     Instances    Area    Library 
-----------------------------------------
ADDFHX1            37    784.148    slow 
ADDFHX2             2     45.414    slow 
ADDFHXL            18    381.478    slow 
ADDFX1             28    551.023    slow 
ADDFXL             81   1594.031    slow 
ADDHX1             20    242.208    slow 
ADDHX4              1     20.436    slow 
AND2X1             83    376.936    slow 
AND2X2              1      5.298    slow 
AND2X4             12     99.911    slow 
AND2X6             19    215.716    slow 
AND2X8              2     27.248    slow 
AND2XL              8     36.331    slow 
AO21X1              3     20.436    slow 
AO22X1             68    514.692    slow 
AO22XL             62    469.278    slow 
AOI211X1           16     84.773    slow 
AOI211XL            1      5.298    slow 
AOI21X1           207    940.070    slow 
AOI21X2            63    524.532    slow 
AOI21X4             8    115.049    slow 
AOI21XL            25    113.535    slow 
AOI22X1           168   1017.274    slow 
AOI22X2            12    118.076    slow 
AOI22X4             1     18.923    slow 
AOI22XL            11     66.607    slow 
AOI2BB1X1         124    750.845    slow 
AOI2BB1X2           1      8.326    slow 
AOI2BB1XL          22    133.214    slow 
AOI2BB2X1           1      9.083    slow 
AOI31X1             2     12.110    slow 
AOI32X1             1      6.812    slow 
BUFX2              79    358.771    slow 
BUFX3              10     60.552    slow 
BUFX6               3     27.248    slow 
CLKAND2X12          7    164.247    slow 
CLKAND2X2         115    609.305    slow 
CLKAND2X3          21    190.739    slow 
CLKAND2X4           2     19.679    slow 
CLKAND2X6           6     90.828    slow 
CLKAND2X8           1     17.409    slow 
CLKBUFX2           32    145.325    slow 
CLKINVX1          445   1010.462    slow 
CLKINVX12           4     48.442    slow 
CLKINVX2          116    439.002    slow 
CLKINVX3           23    104.452    slow 
CLKINVX4           16     96.883    slow 
CLKINVX6           14     95.369    slow 
CLKINVX8            5     45.414    slow 
CLKXOR2X1          93    774.309    slow 
DFFRHQX1          247   5047.766    slow 
DFFRHQX2            1     21.193    slow 
DFFRX1            188   4126.619    slow 
DFFRX2            204   4632.228    slow 
DLY2X1             11    158.192    slow 
INVX1             324    735.707    slow 
INVX16              2     33.304    slow 
INVX2              19     71.906    slow 
INVX3              10     45.414    slow 
INVX4               9     54.497    slow 
INVX6               4     27.248    slow 
INVX8               3     27.248    slow 
INVXL             297    674.398    slow 
MX2X1              18    122.618    slow 
MXI2X1            169   1151.245    slow 
MXI2XL            611   3699.727    slow 
NAND2BX1          562   2552.267    slow 
NAND2BX2            5     34.060    slow 
NAND2BX4            8     90.828    slow 
NAND2BXL          122    554.051    slow 
NAND2X1           170    643.365    slow 
NAND2X2            63    381.478    slow 
NAND2X4             3     29.519    slow 
NAND2XL          1140   3451.464    slow 
NAND3BX1           17    102.938    slow 
NAND3BX2            3     27.248    slow 
NAND3X1            47    213.446    slow 
NAND3X2            61    507.880    slow 
NAND3XL             4     18.166    slow 
NOR2BX1           463   2102.668    slow 
NOR2BX2             4     27.248    slow 
NOR2BXL           163    740.248    slow 
NOR2X1            166    628.227    slow 
NOR2X2            125    756.900    slow 
NOR2X4              4     39.359    slow 
NOR2XL            499   1510.772    slow 
NOR3BX1            26    157.435    slow 
NOR3X1              4     18.166    slow 
NOR3X2              7     63.580    slow 
NOR3XL              4     18.166    slow 
NOR4X1             21    127.159    slow 
NOR4XL             19    115.049    slow 
OA21X1              2     13.624    slow 
OA21XL             18    122.618    slow 
OA22X1              2     15.138    slow 
OA22XL              1      7.569    slow 
OAI211X1           21    111.264    slow 
OAI211XL          113    598.708    slow 
OAI21X1           741   3365.177    slow 
OAI21X2            61    507.880    slow 
OAI21X4             1     14.381    slow 
OAI21XL           286   1298.840    slow 
OAI221X1           18    136.242    slow 
OAI221XL            1      7.569    slow 
OAI22X1           300   1816.560    slow 
OAI22X2            33    324.710    slow 
OAI22X4             2     40.873    slow 
OAI22XL            36    217.987    slow 
OAI2BB1X1         270   1430.541    slow 
OAI2BB1X2          20    151.380    slow 
OAI2BB1X4           1     12.110    slow 
OAI2BB1XL          33    174.844    slow 
OAI2BB2X1           1      9.840    slow 
OAI2BB2X4           1     22.707    slow 
OAI31X1             4     24.221    slow 
OR2X1             152    690.293    slow 
OR2X2               1      5.298    slow 
OR2X4               8     66.607    slow 
OR2X6              10    113.535    slow 
OR2XL             116    526.802    slow 
OR3XL              16     96.883    slow 
XNOR2X1            63    524.532    slow 
XNOR2XL            90    749.331    slow 
XNOR3X1             9    204.363    slow 
XOR2X1              1      8.326    slow 
XOR2XL             76    632.768    slow 
XOR3X1             81   1839.267    slow 
XOR3XL              7    158.949    slow 
-----------------------------------------
total           10523  65190.283         


                                          
     Type      Instances    Area   Area % 
------------------------------------------
sequential           640 13827.806   21.2 
inverter            1291  3509.745    5.4 
buffer               135   750.088    1.2 
logic               8457 47102.644   72.3 
physical_cells         0     0.000    0.0 
------------------------------------------
total              10523 65190.283  100.0 

