============================================================
  Generated by:           Genus(TM) Synthesis Solution 21.14-s082_1
  Generated on:           Oct 08 2026  04:40:44 pm
  Module:                 dfs_top
  Operating conditions:   slow (balanced_tree)
  Wireload mode:          enclosed
  Area mode:              timing library
============================================================

Timing
--------

Clock Period 
-------------
clk   3333.0 


  Cost    Critical         Violating 
 Group   Path Slack  TNS     Paths   
-------------------------------------
clk             0.0   0.0          0 
default    No paths   0.0            
-------------------------------------
Total                 0.0          0 

Instance Count
--------------
Leaf Instance Count             10523 
Physical Instance count             0 
Sequential Instance Count         640 
Combinational Instance Count     9883 
Hierarchical Instance Count         0 

Area
----
Cell Area                          65190.283
Physical Cell Area                 0.000
Total Cell Area (Cell+Physical)    65190.283
Net Area                           0.000
Total Area (Cell+Physical+Net)     65190.283

Max Fanout                         640 (clk)
Min Fanout                         0 (n_1729)
Average Fanout                     2.3
Terms to net ratio                 3.2540
Terms to instance ratio            3.4543
Runtime                            304.59319900000054 seconds
Elapsed Runtime                    303 seconds
Genus peak memory usage            1792.70 
Innovus peak memory usage          no_value 
Hostname                           localhost
