============================================================
  Generated by:           Genus(TM) Synthesis Solution 21.14-s082_1
  Generated on:           Oct 08 2026  02:29:56 pm
  Module:                 dfs_top
  Operating conditions:   slow (balanced_tree)
  Wireload mode:          enclosed
  Area mode:              timing library
============================================================


Path 1: VIOLATED (-2263 ps) Setup Check with Pin u_array/gen_pe_row[2].gen_pe_col[2].u_pe/mac_acc_reg[29]/CK->D
          Group: clk
     Startpoint: (R) cfg_dataflow_mode[1]
          Clock: (R) clk
       Endpoint: (R) u_array/gen_pe_row[2].gen_pe_col[2].u_pe/mac_acc_reg[29]/D
          Clock: (R) clk

                     Capture       Launch     
        Clock Edge:+    1000            0     
        Drv Adjust:+       0           62     
       Src Latency:+       0            0     
       Net Latency:+       0 (I)        0 (I) 
           Arrival:=    1000           62     
                                              
             Setup:-     139                  
       Uncertainty:-      50                  
     Required Time:=     811                  
      Launch Clock:-      62                  
       Input Delay:-     200                  
         Data Path:-    2812                  
             Slack:=   -2263                  

Exceptions/Constraints:
  input_delay             200             dfs_top.sdc_line_13_1_1 

#-------------------------------------------------------------------------------------------------------------------------------------------------------
#                                 Timing Point                                  Flags   Arc   Edge   Cell     Fanout  Load Trans Delay Arrival Instance 
#                                                                                                                     (fF)  (ps)  (ps)   (ps)  Location 
#-------------------------------------------------------------------------------------------------------------------------------------------------------
  cfg_dataflow_mode[1]                                                          -       -     R     (arrival)      1  10.6    98     0     262    (-,-) 
  u_array/fopt/Y                                                                -       A->Y  R     BUFX16        42 129.9    92   166     427    (-,-) 
  u_array/gen_pe_row[2].gen_pe_col[2].u_pe/fopt6193/Y                           -       A->Y  F     INVX1          1   2.2    42    41     468    (-,-) 
  u_array/gen_pe_row[2].gen_pe_col[2].u_pe/g1578/Y                              -       B->Y  F     CLKAND2X2      8  15.1    82   155     623    (-,-) 
  u_array/gen_pe_row[2].gen_pe_col[2].u_pe/g1569/Y                              -       B->Y  F     CLKAND2X2      1   5.3    53   138     760    (-,-) 
  u_array/gen_pe_row[2].gen_pe_col[2].u_pe/g1558/Y                              -       B0->Y R     AOI21X2        1   5.2    77    75     835    (-,-) 
  u_array/gen_pe_row[2].gen_pe_col[2].u_pe/fopt6232/Y                           -       A->Y  F     CLKINVX2       3  10.9    53    56     892    (-,-) 
  u_array/gen_pe_row[2].gen_pe_col[2].u_pe/WALLACE_CSA_DUMMY_OP_groupi_g6044/Y  -       B->Y  F     AND2X4         1   8.6    48   124    1016    (-,-) 
  u_array/gen_pe_row[2].gen_pe_col[2].u_pe/WALLACE_CSA_DUMMY_OP_groupi_g5746/CO -       A->CO F     ADDFHX2        3  12.3   104   258    1274    (-,-) 
  u_array/gen_pe_row[2].gen_pe_col[2].u_pe/WALLACE_CSA_DUMMY_OP_groupi_g5700/Y  -       B->Y  R     NAND2X2        1   5.3    57    59    1333    (-,-) 
  u_array/gen_pe_row[2].gen_pe_col[2].u_pe/WALLACE_CSA_DUMMY_OP_groupi_g5677/Y  -       B0->Y F     OAI21X2        2  18.5   161   130    1463    (-,-) 
  u_array/gen_pe_row[2].gen_pe_col[2].u_pe/WALLACE_CSA_DUMMY_OP_groupi_g5669/Y  -       A->Y  R     CLKINVX3       1  10.9    70    74    1537    (-,-) 
  u_array/gen_pe_row[2].gen_pe_col[2].u_pe/WALLACE_CSA_DUMMY_OP_groupi_g5638/Y  -       B1->Y F     OAI22X4        3  15.4   134    90    1626    (-,-) 
  u_array/gen_pe_row[2].gen_pe_col[2].u_pe/WALLACE_CSA_DUMMY_OP_groupi_g5572/Y  -       B->Y  R     NAND2X2        1   5.3    67    65    1691    (-,-) 
  u_array/gen_pe_row[2].gen_pe_col[2].u_pe/WALLACE_CSA_DUMMY_OP_groupi_g5566/Y  -       B0->Y F     OAI21X2        3   9.6   107    92    1784    (-,-) 
  u_array/gen_pe_row[2].gen_pe_col[2].u_pe/WALLACE_CSA_DUMMY_OP_groupi_g5486/Y  -       B->Y  R     XNOR3X1        2   8.2   129   299    2083    (-,-) 
  u_array/gen_pe_row[2].gen_pe_col[2].u_pe/WALLACE_CSA_DUMMY_OP_groupi_g5452/Y  -       B->Y  F     NOR2BX2        2   7.1    62    56    2139    (-,-) 
  u_array/gen_pe_row[2].gen_pe_col[2].u_pe/WALLACE_CSA_DUMMY_OP_groupi_g5441/Y  -       B->Y  R     NOR2X2         2   5.3    69    71    2210    (-,-) 
  u_array/gen_pe_row[2].gen_pe_col[2].u_pe/WALLACE_CSA_DUMMY_OP_groupi_g5440/Y  -       A->Y  F     INVX1          1   2.8    38    41    2251    (-,-) 
  u_array/gen_pe_row[2].gen_pe_col[2].u_pe/WALLACE_CSA_DUMMY_OP_groupi_g5434/Y  -       B->Y  R     NOR2X1         1   2.8    71    68    2318    (-,-) 
  u_array/gen_pe_row[2].gen_pe_col[2].u_pe/WALLACE_CSA_DUMMY_OP_groupi_g5429/Y  -       B->Y  F     NAND2X1        1   5.3    99    89    2407    (-,-) 
  u_array/gen_pe_row[2].gen_pe_col[2].u_pe/WALLACE_CSA_DUMMY_OP_groupi_g5422/Y  -       B->Y  R     NAND2X2        2   6.9    65    64    2472    (-,-) 
  u_array/gen_pe_row[2].gen_pe_col[2].u_pe/WALLACE_CSA_DUMMY_OP_groupi_g5419/Y  -       B->Y  F     NAND2X2        1   5.4    68    63    2534    (-,-) 
  u_array/gen_pe_row[2].gen_pe_col[2].u_pe/WALLACE_CSA_DUMMY_OP_groupi_g5415/Y  -       B->Y  F     AND2X6        17  50.2    82   150    2684    (-,-) 
  u_array/gen_pe_row[2].gen_pe_col[2].u_pe/WALLACE_CSA_DUMMY_OP_groupi_g5414/Y  -       A->Y  R     CLKINVX8      16  28.0    48    57    2741    (-,-) 
  u_array/gen_pe_row[2].gen_pe_col[2].u_pe/WALLACE_CSA_DUMMY_OP_groupi_g5406/Y  -       A1->Y F     AOI21XL        1   2.7   121    94    2835    (-,-) 
  u_array/gen_pe_row[2].gen_pe_col[2].u_pe/WALLACE_CSA_DUMMY_OP_groupi_g5358/Y  -       A1->Y R     OAI21X1        1   2.8    99   105    2940    (-,-) 
  u_array/gen_pe_row[2].gen_pe_col[2].u_pe/g2149/Y                              -       B->Y  F     NAND2X1        1   2.8   130    72    3013    (-,-) 
  u_array/gen_pe_row[2].gen_pe_col[2].u_pe/g2123/Y                              -       B0->Y R     OAI21X1        1   1.7    84    61    3073    (-,-) 
  u_array/gen_pe_row[2].gen_pe_col[2].u_pe/mac_acc_reg[29]/D                    <<<     -     R     DFFRX2         1     -     -     0    3073    (-,-) 
#-------------------------------------------------------------------------------------------------------------------------------------------------------

